{
  "swagger" : "2.0",
  "info" : {
    "title" : ""
  },
  "basePath" : "/",
  "consumes" : [ "application/json" ],
  "produces" : [ "application/json" ],
  "paths" : {
    "/foo/hello" : {
      "get" : {
        "tags" : [ "foo" ],
        "operationId" : "hello",
        "parameters" : [ {
          "name" : "name",
          "in" : "query",
          "required" : false,
          "type" : "string"
        } ],
        "responses" : {
          "200" : {
            "schema" : {
              "type" : "object"
            }
          }
        }
      }
    },
    "/foo/" : {
      "get" : {
        "tags" : [ "foo" ],
        "operationId" : "yo",
        "parameters" : [ ],
        "responses" : {
          "200" : {
            "schema" : {
              "type" : "object"
            }
          }
        }
      }
    }
  }
}