{
  "swagger" : "2.0",
  "basePath" : "/",
  "produces" : [ "application/json" ],
  "paths" : {
    "/foo/hello" : {
      "get" : {
        "operationId" : "hello",
        "parameters" : [ ],
        "responses" : {
          "200" : {
            "schema" : {
              "type" : "object"
            }
          }
        }
      }
    }
  }
}