---
swagger: "2.0"
info:
  version: "1.0"
  title: ""
basePath: "/"
consumes:
- "application/json"
produces:
- "application/json"
paths:
  /foo/hello:
    get:
      tags:
      - "foo"
      operationId: "hello"
      parameters: []
      responses:
        200:
          schema:
            type: "object"
