---
swagger: "2.0"
basePath: "/"
produces:
- "application/json"
