{
  "swagger" : "2.0",
  "info" : {
    "version" : "1.0",
    "title" : ""
  },
  "basePath" : "/",
  "consumes" : [ "application/json" ],
  "produces" : [ "application/json" ],
  "paths" : { }
}